# worker 进程生命周期事件(t 为相对 T0 分钟偏移)
t=-58 event=rollout note="release-9902 rollout complete, 4/4 instances"
t=-20.3 worker=worker-2 event=oom_killed detail="exit code 137, kernel oom-killer, rss=2.31GB"
t=-20.1 worker=worker-2 event=restarted detail="supervisor restart, cold start 25s"
t=-12.6 worker=worker-4 event=oom_killed detail="exit code 137, kernel oom-killer, rss=2.29GB"
t=-12.4 worker=worker-4 event=restarted detail="supervisor restart, cold start 24s"
t=-8.2 worker=worker-1 event=oom_killed detail="exit code 137, kernel oom-killer, rss=2.33GB"
t=-8.0 worker=worker-1 event=restarted detail="supervisor restart, cold start 26s"
t=-6.9 worker=worker-2 event=oom_killed detail="exit code 137"
t=-6.7 worker=worker-2 event=restarted detail="supervisor restart, cold start 25s"
t=-4.8 worker=worker-4 event=oom_killed detail="exit code 137"
t=-4.6 worker=worker-4 event=restarted detail="supervisor restart, cold start 25s"
t=-3.1 worker=worker-1 event=oom_killed detail="exit code 137"
t=-2.9 worker=worker-1 event=restarted detail="supervisor restart, cold start 26s"
t=-1.4 worker=worker-2 event=oom_killed detail="exit code 137"
t=-1.2 worker=worker-2 event=restarted detail="supervisor restart, cold start 25s"
t=2.3 worker=worker-4 event=oom_killed detail="exit code 137"
t=2.5 worker=worker-4 event=restarted detail="supervisor restart, cold start 25s"
t=6.8 worker=worker-1 event=oom_killed detail="exit code 137"
t=7.0 worker=worker-1 event=restarted detail="supervisor restart, cold start 26s"
t=9.1 worker=worker-3 event=oom_killed detail="exit code 137"
t=9.3 worker=worker-3 event=restarted detail="supervisor restart, cold start 25s"
