# PostgreSQL 服务器日志采样(t 为相对 T0 分钟偏移)
t=-59 level=LOG msg="checkpoint starting: time" detail="write=1.2s sync=0.3s"
t=-49 level=LOG msg="checkpoint starting: time" detail="write=1.3s sync=0.4s"
t=-45 level=DEBUG1 msg="log_min_messages now DEBUG1 (effective)" detail="reload from postgresql.conf.auto"
t=-44 level=DEBUG2 msg="stmt: SELECT * FROM payments WHERE merchant_id = $1" detail="duration 0.8ms plan_id=7712"
t=-43 level=DEBUG2 msg="bind $1: 'm-88231'" detail="exec_context"
t=-42 level=DEBUG2 msg="stmt: UPDATE accounts SET balance = balance - $1 WHERE id = $2" detail="duration 0.9ms"
t=-39 level=LOG msg="checkpoint starting: time" detail="write=1.4s sync=0.4s"
t=-29 level=LOG msg="checkpoint starting: time" detail="write=1.6s sync=0.5s"
t=-19 level=LOG msg="checkpoint starting: time" detail="write=1.9s sync=0.6s"
t=-9 level=LOG msg="checkpoint starting: time" detail="write=2.4s sync=0.9s"
t=-4 level=WARNING msg="WAL segment creation slowed: fsync latency 620ms"
t=-3 level=WARNING msg="WAL segment creation slowed: fsync latency 1900ms"
t=-2.8 level=ERROR msg="could not write to log file: No space left on device"
t=-2.6 level=ERROR msg="could not write to file pg_wal/xlogtemp.1234: No space left on device"
t=-2.4 level=LOG msg="checkpoint complete: wrote 0 buffers (blocked)" detail="hint: check disk space on /data"
t=-2.2 level=WARNING msg="autovacuum worker paused: cannot write temp files"
t=-1.9 level=ERROR msg="could not extend file base/16384/24677: No space left on device" hint="Free up disk space or extend the volume"
t=-0.5 level=LOG msg="standby stream lag growing: wal sender backlog 1.2GB"
t=3 level=LOG msg="commit delay: waiting for WAL flush, queue depth 4800"
t=8 level=LOG msg="commit delay: waiting for WAL flush, queue depth 5100"
